12:08:04 **** Incremental Build of configuration Debug for project lab5 ****
make -j4 all 
arm-none-eabi-gcc "../Core/Src/timer.c" -mcpu=cortex-m3 -std=gnu11 -g3 -DDEBUG -DUSE_HAL_DRIVER -DSTM32F103x6 -c -I../Core/Inc -I../Drivers/STM32F1xx_HAL_Driver/Inc/Legacy -I../Drivers/STM32F1xx_HAL_Driver/Inc -I../Drivers/CMSIS/Device/ST/STM32F1xx/Include -I../Drivers/CMSIS/Include -O0 -ffunction-sections -fdata-sections -Wall -fstack-usage -MMD -MP -MF"Core/Src/timer.d" -MT"Core/Src/timer.o" --specs=nano.specs -mfloat-abi=soft -mthumb -o "Core/Src/timer.o"
arm-none-eabi-gcc -o "lab5.elf" @"objects.list"   -mcpu=cortex-m3 -T"D:\BKU\Year 3\VXL-VDK\git 5\LAB5\lab5\STM32F103C6TX_FLASH.ld" --specs=nosys.specs -Wl,-Map="lab5.map" -Wl,--gc-sections -static --specs=nano.specs -mfloat-abi=soft -mthumb -Wl,--start-group -lc -lm -Wl,--end-group
Finished building target: lab5.elf
 
arm-none-eabi-size   lab5.elf 
arm-none-eabi-objdump -h -S  lab5.elf  > "lab5.list"
arm-none-eabi-objcopy  -O ihex  lab5.elf  "lab5.hex"
   text	   data	    bss	    dec	    hex	filename
  16644	    184	   1928	  18756	   4944	lab5.elf
Finished building: default.size.stdout
 
Finished building: lab5.hex
 
Finished building: lab5.list
 

12:08:06 Build Finished. 0 errors, 0 warnings. (took 1s.926ms)

